GAS LISTING puzzle.s 			page 1


 GNU assembler version 2.34 (x86_64-linux-gnu)
	 using BFD version (GNU Binutils for Ubuntu) 2.34.
 options passed	: -g -aglsm=puzzle.lst 
 input file    	: puzzle.s
 output file   	: puzzle.o
 target        	: x86_64-pc-linux-gnu
 time stamp    	: 2022-06-09T23:37:48.000-0400

GAS LISTING puzzle.s 			page 2


   1              		.file	"puzzle.c"
   2              		.text
   3              		.comm	list,20,16
   4              		.comm	median,4,4
   5              		.comm	median_index,4,4
   6              		.section	.rodata
   7              	.LC0:
   8 0000 25642000 		.string	"%d "
   9              		.text
  10              		.globl	print_list
  11              		.type	print_list, @function
  12              	print_list:
  13              	.LFB6:
  14              		.cfi_startproc
  15 0000 F30F1EFA 		endbr64
  16 0004 55       		pushq	%rbp
  17              		.cfi_def_cfa_offset 16
  18              		.cfi_offset 6, -16
  19 0005 4889E5   		movq	%rsp, %rbp
  20              		.cfi_def_cfa_register 6
  21 0008 4883EC10 		subq	$16, %rsp
  22 000c C745FC00 		movl	$0, -4(%rbp)
  22      000000
  23 0013 EB2E     		jmp	.L2
  24              	.L3:
  25 0015 8B45FC   		movl	-4(%rbp), %eax
  26 0018 4898     		cltq
  27 001a 488D1485 		leaq	0(,%rax,4), %rdx
  27      00000000 
  28 0022 488D0500 		leaq	list(%rip), %rax
  28      000000
  29 0029 8B0402   		movl	(%rdx,%rax), %eax
  30 002c 89C6     		movl	%eax, %esi
  31 002e 488D3D00 		leaq	.LC0(%rip), %rdi
  31      000000
  32 0035 B8000000 		movl	$0, %eax
  32      00
  33 003a E8000000 		call	printf@PLT
  33      00
  34 003f 8345FC01 		addl	$1, -4(%rbp)
  35              	.L2:
  36 0043 837DFC04 		cmpl	$4, -4(%rbp)
  37 0047 7ECC     		jle	.L3
  38 0049 BF0A0000 		movl	$10, %edi
  38      00
  39 004e E8000000 		call	putchar@PLT
  39      00
  40 0053 90       		nop
  41 0054 C9       		leave
  42              		.cfi_def_cfa 7, 8
  43 0055 C3       		ret
  44              		.cfi_endproc
  45              	.LFE6:
  46              		.size	print_list, .-print_list
  47              		.section	.rodata
  48              	.LC1:
  49 0004 456E7465 		.string	"Enter 5 integers:"
GAS LISTING puzzle.s 			page 3


  49      72203520 
  49      696E7465 
  49      67657273 
  49      3A00
  50              	.LC2:
  51 0016 25642025 		.string	"%d %d %d %d %d"
  51      64202564 
  51      20256420 
  51      256400
  52              		.text
  53              		.globl	get_list
  54              		.type	get_list, @function
  55              	get_list:
  56              	.LFB7:
  57              		.cfi_startproc
  58 0056 F30F1EFA 		endbr64
  59 005a 55       		pushq	%rbp
  60              		.cfi_def_cfa_offset 16
  61              		.cfi_offset 6, -16
  62 005b 4889E5   		movq	%rsp, %rbp
  63              		.cfi_def_cfa_register 6
  64 005e 488D3D00 		leaq	.LC1(%rip), %rdi
  64      000000
  65 0065 E8000000 		call	puts@PLT
  65      00
  66 006a 488D3500 		leaq	16+list(%rip), %rsi
  66      000000
  67 0071 488D0D00 		leaq	12+list(%rip), %rcx
  67      000000
  68 0078 488D1500 		leaq	8+list(%rip), %rdx
  68      000000
  69 007f 488D0500 		leaq	4+list(%rip), %rax
  69      000000
  70 0086 4989F1   		movq	%rsi, %r9
  71 0089 4989C8   		movq	%rcx, %r8
  72 008c 4889D1   		movq	%rdx, %rcx
  73 008f 4889C2   		movq	%rax, %rdx
  74 0092 488D3500 		leaq	list(%rip), %rsi
  74      000000
  75 0099 488D3D00 		leaq	.LC2(%rip), %rdi
  75      000000
  76 00a0 B8000000 		movl	$0, %eax
  76      00
  77 00a5 E8000000 		call	__isoc99_scanf@PLT
  77      00
  78 00aa 83F805   		cmpl	$5, %eax
  79 00ad 7507     		jne	.L5
  80 00af B8000000 		movl	$0, %eax
  80      00
  81 00b4 EB05     		jmp	.L6
  82              	.L5:
  83 00b6 B8FFFFFF 		movl	$-1, %eax
  83      FF
  84              	.L6:
  85 00bb 5D       		popq	%rbp
  86              		.cfi_def_cfa 7, 8
  87 00bc C3       		ret
GAS LISTING puzzle.s 			page 4


  88              		.cfi_endproc
  89              	.LFE7:
  90              		.size	get_list, .-get_list
  91              		.globl	int_compare
  92              		.type	int_compare, @function
  93              	int_compare:
  94              	.LFB8:
  95              		.cfi_startproc
  96 00bd F30F1EFA 		endbr64
  97 00c1 55       		pushq	%rbp
  98              		.cfi_def_cfa_offset 16
  99              		.cfi_offset 6, -16
 100 00c2 4889E5   		movq	%rsp, %rbp
 101              		.cfi_def_cfa_register 6
 102 00c5 48897DE8 		movq	%rdi, -24(%rbp)
 103 00c9 488975E0 		movq	%rsi, -32(%rbp)
 104 00cd 488B45E8 		movq	-24(%rbp), %rax
 105 00d1 8B00     		movl	(%rax), %eax
 106 00d3 8945F8   		movl	%eax, -8(%rbp)
 107 00d6 488B45E0 		movq	-32(%rbp), %rax
 108 00da 8B00     		movl	(%rax), %eax
 109 00dc 8945FC   		movl	%eax, -4(%rbp)
 110 00df 8B45F8   		movl	-8(%rbp), %eax
 111 00e2 3B45FC   		cmpl	-4(%rbp), %eax
 112 00e5 7F07     		jg	.L8
 113 00e7 B8000000 		movl	$0, %eax
 113      00
 114 00ec EB05     		jmp	.L9
 115              	.L8:
 116 00ee B8010000 		movl	$1, %eax
 116      00
 117              	.L9:
 118 00f3 5D       		popq	%rbp
 119              		.cfi_def_cfa 7, 8
 120 00f4 C3       		ret
 121              		.cfi_endproc
 122              	.LFE8:
 123              		.size	int_compare, .-int_compare
 124              		.globl	sort_list
 125              		.type	sort_list, @function
 126              	sort_list:
 127              	.LFB9:
 128              		.cfi_startproc
 129 00f5 F30F1EFA 		endbr64
 130 00f9 55       		pushq	%rbp
 131              		.cfi_def_cfa_offset 16
 132              		.cfi_offset 6, -16
 133 00fa 4889E5   		movq	%rsp, %rbp
 134              		.cfi_def_cfa_register 6
 135 00fd 488D0D00 		leaq	int_compare(%rip), %rcx
 135      000000
 136 0104 BA040000 		movl	$4, %edx
 136      00
 137 0109 BE050000 		movl	$5, %esi
 137      00
 138 010e 488D3D00 		leaq	list(%rip), %rdi
 138      000000
GAS LISTING puzzle.s 			page 5


 139 0115 E8000000 		call	qsort@PLT
 139      00
 140 011a B8000000 		movl	$0, %eax
 140      00
 141 011f 5D       		popq	%rbp
 142              		.cfi_def_cfa 7, 8
 143 0120 C3       		ret
 144              		.cfi_endproc
 145              	.LFE9:
 146              		.size	sort_list, .-sort_list
 147              		.globl	get_median
 148              		.type	get_median, @function
 149              	get_median:
 150              	.LFB10:
 151              		.cfi_startproc
 152 0121 F30F1EFA 		endbr64
 153 0125 55       		pushq	%rbp
 154              		.cfi_def_cfa_offset 16
 155              		.cfi_offset 6, -16
 156 0126 4889E5   		movq	%rsp, %rbp
 157              		.cfi_def_cfa_register 6
 158 0129 C7050000 		movl	$2, median_index(%rip)
 158      00000200 
 158      0000
 159 0133 8B050000 		movl	median_index(%rip), %eax
 159      0000
 160 0139 4898     		cltq
 161 013b 488D1485 		leaq	0(,%rax,4), %rdx
 161      00000000 
 162 0143 488D0500 		leaq	list(%rip), %rax
 162      000000
 163 014a 8B0402   		movl	(%rdx,%rax), %eax
 164 014d 89050000 		movl	%eax, median(%rip)
 164      0000
 165 0153 90       		nop
 166 0154 5D       		popq	%rbp
 167              		.cfi_def_cfa 7, 8
 168 0155 C3       		ret
 169              		.cfi_endproc
 170              	.LFE10:
 171              		.size	get_median, .-get_median
 172              		.section	.rodata
 173 0025 000000   		.align 8
 174              	.LC3:
 175 0028 53756363 		.string	"Successfully read integer list: "
 175      65737366 
 175      756C6C79 
 175      20726561 
 175      6420696E 
 176              	.LC4:
 177 0049 556E7375 		.string	"Unsuccessful list entry."
 177      63636573 
 177      7366756C 
 177      206C6973 
 177      7420656E 
 178              	.LC5:
 179 0062 53756363 		.string	"Successfully sorted list: "
GAS LISTING puzzle.s 			page 6


 179      65737366 
 179      756C6C79 
 179      20736F72 
 179      74656420 
 180              	.LC6:
 181 007d 556E7375 		.string	"Unsuccessful list sort."
 181      63636573 
 181      7366756C 
 181      206C6973 
 181      7420736F 
 182              	.LC7:
 183 0095 0A204D65 		.string	"\n Median: %d\n"
 183      6469616E 
 183      3A202564 
 183      0A00
 184              		.text
 185              		.globl	main
 186              		.type	main, @function
 187              	main:
 188              	.LFB11:
 189              		.cfi_startproc
 190 0156 F30F1EFA 		endbr64
 191 015a 55       		pushq	%rbp
 192              		.cfi_def_cfa_offset 16
 193              		.cfi_offset 6, -16
 194 015b 4889E5   		movq	%rsp, %rbp
 195              		.cfi_def_cfa_register 6
 196 015e 4883EC10 		subq	$16, %rsp
 197 0162 B8000000 		movl	$0, %eax
 197      00
 198 0167 E8000000 		call	get_list
 198      00
 199 016c 8945FC   		movl	%eax, -4(%rbp)
 200 016f 837DFC00 		cmpl	$0, -4(%rbp)
 201 0173 751D     		jne	.L14
 202 0175 488D3D00 		leaq	.LC3(%rip), %rdi
 202      000000
 203 017c B8000000 		movl	$0, %eax
 203      00
 204 0181 E8000000 		call	printf@PLT
 204      00
 205 0186 B8000000 		movl	$0, %eax
 205      00
 206 018b E8000000 		call	print_list
 206      00
 207 0190 EB0C     		jmp	.L15
 208              	.L14:
 209 0192 488D3D00 		leaq	.LC4(%rip), %rdi
 209      000000
 210 0199 E8000000 		call	puts@PLT
 210      00
 211              	.L15:
 212 019e B8000000 		movl	$0, %eax
 212      00
 213 01a3 E8000000 		call	sort_list
 213      00
 214 01a8 8945FC   		movl	%eax, -4(%rbp)
GAS LISTING puzzle.s 			page 7


 215 01ab 837DFC00 		cmpl	$0, -4(%rbp)
 216 01af 751D     		jne	.L16
 217 01b1 488D3D00 		leaq	.LC5(%rip), %rdi
 217      000000
 218 01b8 B8000000 		movl	$0, %eax
 218      00
 219 01bd E8000000 		call	printf@PLT
 219      00
 220 01c2 B8000000 		movl	$0, %eax
 220      00
 221 01c7 E8000000 		call	print_list
 221      00
 222 01cc EB0C     		jmp	.L17
 223              	.L16:
 224 01ce 488D3D00 		leaq	.LC6(%rip), %rdi
 224      000000
 225 01d5 E8000000 		call	puts@PLT
 225      00
 226              	.L17:
 227 01da B8000000 		movl	$0, %eax
 227      00
 228 01df E8000000 		call	get_median
 228      00
 229 01e4 8B050000 		movl	median(%rip), %eax
 229      0000
 230 01ea 89C6     		movl	%eax, %esi
 231 01ec 488D3D00 		leaq	.LC7(%rip), %rdi
 231      000000
 232 01f3 B8000000 		movl	$0, %eax
 232      00
 233 01f8 E8000000 		call	printf@PLT
 233      00
 234 01fd B8000000 		movl	$0, %eax
 234      00
 235 0202 C9       		leave
 236              		.cfi_def_cfa 7, 8
 237 0203 C3       		ret
 238              		.cfi_endproc
 239              	.LFE11:
 240              		.size	main, .-main
 241              		.ident	"GCC: (Ubuntu 9.4.0-1ubuntu1~20.04.1) 9.4.0"
 242              		.section	.note.GNU-stack,"",@progbits
 243              		.section	.note.gnu.property,"a"
 244              		.align 8
 245 0000 04000000 		.long	 1f - 0f
 246 0004 10000000 		.long	 4f - 1f
 247 0008 05000000 		.long	 5
 248              	0:
 249 000c 474E5500 		.string	 "GNU"
 250              	1:
 251              		.align 8
 252 0010 020000C0 		.long	 0xc0000002
 253 0014 04000000 		.long	 3f - 2f
 254              	2:
 255 0018 03000000 		.long	 0x3
 256              	3:
 257 001c 00000000 		.align 8
GAS LISTING puzzle.s 			page 8


 258              	4:
GAS LISTING puzzle.s 			page 9


DEFINED SYMBOLS
                            *ABS*:0000000000000000 puzzle.c
                            *COM*:0000000000000014 list
                            *COM*:0000000000000004 median
                            *COM*:0000000000000004 median_index
            puzzle.s:12     .text:0000000000000000 print_list
            puzzle.s:55     .text:0000000000000056 get_list
            puzzle.s:93     .text:00000000000000bd int_compare
            puzzle.s:126    .text:00000000000000f5 sort_list
            puzzle.s:149    .text:0000000000000121 get_median
            puzzle.s:187    .text:0000000000000156 main

UNDEFINED SYMBOLS
_GLOBAL_OFFSET_TABLE_
printf
putchar
puts
__isoc99_scanf
qsort
